// Jest Snapshot v1, https://goo.gl/fbAQLP

exports[`HomeLayout renders correctly 1`] = `
<div
  className="cltk-layout home-layout"
>
  <div
    className="home-content "
  >
    <div>
      <div>
        <div
          className="md-sidenav-left"
          style={undefined}
        >
          <div
            className={undefined}
            onTouchTap={[Function]}
            style={
              Object {
                "WebkitTapHighlightColor": "rgba(0, 0, 0, 0)",
                "backgroundColor": "rgba(0, 0, 0, 0.54)",
                "height": "100%",
                "left": "-100%",
                "muiPrepared": true,
                "opacity": 0,
                "pointerEvents": "none",
                "position": "fixed",
                "top": 0,
                "transform": "translateZ(0)",
                "transition": "left 0ms cubic-bezier(0.23, 1, 0.32, 1) 400ms, opacity 400ms cubic-bezier(0.23, 1, 0.32, 1) 0ms",
                "width": "100%",
                "willChange": "opacity",
                "zIndex": 1200,
              }
            }
          />
          <div
            className={undefined}
            style={
              Object {
                "WebkitOverflowScrolling": "touch",
                "WebkitTapHighlightColor": "rgba(0,0,0,0)",
                "backgroundColor": "#ffffff",
                "borderRadius": "0px",
                "boxShadow": "0 3px 10px rgba(0, 0, 0, 0.16),
                       0 3px 10px rgba(0, 0, 0, 0.23)",
                "boxSizing": "border-box",
                "color": "rgba(0, 0, 0, 0.87)",
                "fontFamily": "Roboto, sans-serif",
                "height": "100%",
                "left": 0,
                "muiPrepared": true,
                "overflow": "auto",
                "position": "fixed",
                "top": 0,
                "transform": "translate(-266px, 0)",
                "transition": "transform 450ms cubic-bezier(0.23, 1, 0.32, 1) 0ms",
                "width": 256,
                "zIndex": 1300,
              }
            }
          >
            <div
              className="sidenav-top"
            >
              
              <span
                className="user-fullname"
              >
                
              </span>
            </div>
            
            <hr
              style={
                Object {
                  "backgroundColor": "#e0e0e0",
                  "border": "none",
                  "height": 1,
                  "margin": 0,
                  "marginLeft": 0,
                  "marginTop": -1,
                  "muiPrepared": true,
                }
              }
            />
          </div>
        </div>
      </div>
      <header
        className="header-nav paper-shadow"
      >
        <div
          className="navigation-primary"
        >
          <div
            className="container close-navbar"
          >
            <div
              className="navbar-header"
            >
              <button
                className="left-drawer-toggle"
                disabled={false}
                href={undefined}
                onBlur={[Function]}
                onClick={[Function]}
                onFocus={[Function]}
                onKeyDown={[Function]}
                onKeyUp={[Function]}
                onMouseEnter={[Function]}
                onMouseLeave={[Function]}
                onMouseOut={[Function]}
                onTouchStart={[Function]}
                onTouchTap={[Function]}
                style={
                  Object {
                    "WebkitTapHighlightColor": "rgba(0, 0, 0, 0)",
                    "background": "none",
                    "border": 10,
                    "boxSizing": "border-box",
                    "cursor": "pointer",
                    "display": "inline-block",
                    "fontFamily": "Roboto, sans-serif",
                    "fontSize": 0,
                    "fontWeight": "inherit",
                    "height": "55px",
                    "margin": 0,
                    "minWidth": "none",
                    "muiPrepared": true,
                    "outline": "none",
                    "overflow": "visible",
                    "padding": "10px 20px",
                    "position": "relative",
                    "textDecoration": "none",
                    "transition": "all 450ms cubic-bezier(0.23, 1, 0.32, 1) 0ms",
                    "verticalAlign": null,
                    "width": "auto",
                    "zIndex": 1,
                  }
                }
                tabIndex={0}
                type="button"
              >
                <div
                  onMouseDown={[Function]}
                  onMouseLeave={[Function]}
                  onMouseUp={[Function]}
                  onTouchEnd={[Function]}
                  onTouchStart={[Function]}
                >
                  <span
                    className="mdi mdi-menu"
                    color="rgba(0, 0, 0, 0.87)"
                    onMouseEnter={[Function]}
                    onMouseLeave={[Function]}
                    style={
                      Object {
                        "color": "rgba(0, 0, 0, 0.87)",
                        "display": "inline-block",
                        "fontSize": 24,
                        "muiPrepared": true,
                        "position": "relative",
                        "transition": "all 450ms cubic-bezier(0.23, 1, 0.32, 1) 0ms",
                        "userSelect": "none",
                      }
                    }
                  />
                </div>
              </button>
              <a
                className="logo"
                disabled={false}
                href="/"
                onBlur={[Function]}
                onClick={[Function]}
                onFocus={[Function]}
                onKeyDown={[Function]}
                onKeyUp={[Function]}
                onMouseEnter={[Function]}
                onMouseLeave={[Function]}
                onTouchStart={[Function]}
                onTouchTap={[Function]}
                style={
                  Object {
                    "WebkitTapHighlightColor": "rgba(0, 0, 0, 0)",
                    "backgroundColor": "rgba(0, 0, 0, 0)",
                    "border": 10,
                    "borderRadius": 2,
                    "boxSizing": "border-box",
                    "color": "rgba(0, 0, 0, 0.87)",
                    "cursor": "pointer",
                    "display": "inline-block",
                    "fontFamily": "Roboto, sans-serif",
                    "fontSize": "inherit",
                    "fontWeight": "inherit",
                    "height": "55px",
                    "lineHeight": "36px",
                    "margin": 0,
                    "minWidth": "none",
                    "muiPrepared": true,
                    "outline": "none",
                    "overflow": "hidden",
                    "padding": "10px 5px",
                    "position": "relative",
                    "textAlign": "center",
                    "textDecoration": "none",
                    "transition": "all 450ms cubic-bezier(0.23, 1, 0.32, 1) 0ms",
                    "userSelect": "none",
                    "verticalAlign": "middle",
                    "width": "auto",
                    "zIndex": 1,
                  }
                }
                tabIndex={0}
              >
                <div
                  onMouseDown={[Function]}
                  onMouseLeave={[Function]}
                  onMouseUp={[Function]}
                  onTouchEnd={[Function]}
                  onTouchStart={[Function]}
                >
                  <span
                    style={
                      Object {
                        "fontSize": 14,
                        "fontWeight": 500,
                        "letterSpacing": 0,
                        "muiPrepared": true,
                        "paddingLeft": 16,
                        "paddingRight": 16,
                        "position": "relative",
                        "textTransform": "uppercase",
                        "verticalAlign": "middle",
                      }
                    }
                  >
                    CLTK Archive [Prototype]
                  </span>
                </div>
              </a>
            </div>
            <div
              className="navbar-collapse collapse module-group right"
            >
              <div
                className="module left"
              >
                <ul
                  className="nav navbar-nav navbar-right"
                >
                  <li>
                    <div>
                      <button
                        className="account-button account-button-login"
                        disabled={false}
                        href={undefined}
                        onBlur={[Function]}
                        onClick={[Function]}
                        onFocus={[Function]}
                        onKeyDown={[Function]}
                        onKeyUp={[Function]}
                        onMouseEnter={[Function]}
                        onMouseLeave={[Function]}
                        onTouchStart={[Function]}
                        onTouchTap={[Function]}
                        style={
                          Object {
                            "WebkitTapHighlightColor": "rgba(0, 0, 0, 0)",
                            "backgroundColor": "rgba(0, 0, 0, 0)",
                            "border": 10,
                            "borderRadius": 2,
                            "boxSizing": "border-box",
                            "color": "rgba(0, 0, 0, 0.87)",
                            "cursor": "pointer",
                            "display": "inline-block",
                            "fontFamily": "Roboto, sans-serif",
                            "fontSize": "inherit",
                            "fontWeight": "inherit",
                            "height": "55px",
                            "lineHeight": "36px",
                            "margin": 0,
                            "minWidth": "none",
                            "muiPrepared": true,
                            "outline": "none",
                            "overflow": "hidden",
                            "padding": "10px 5px",
                            "position": "relative",
                            "textAlign": "center",
                            "textDecoration": "none",
                            "transition": "all 450ms cubic-bezier(0.23, 1, 0.32, 1) 0ms",
                            "userSelect": "none",
                            "verticalAlign": null,
                            "width": "auto",
                            "zIndex": 1,
                          }
                        }
                        tabIndex={0}
                        type="button"
                      >
                        <div
                          onMouseDown={[Function]}
                          onMouseLeave={[Function]}
                          onMouseUp={[Function]}
                          onTouchEnd={[Function]}
                          onTouchStart={[Function]}
                        >
                          <span
                            style={
                              Object {
                                "fontSize": 14,
                                "fontWeight": 500,
                                "letterSpacing": 0,
                                "muiPrepared": true,
                                "paddingLeft": 16,
                                "paddingRight": 16,
                                "position": "relative",
                                "textTransform": "uppercase",
                                "verticalAlign": "middle",
                              }
                            }
                          >
                            Login
                          </span>
                        </div>
                      </button>
                      <button
                        className="account-button account-button-login"
                        disabled={false}
                        href={undefined}
                        onBlur={[Function]}
                        onClick={[Function]}
                        onFocus={[Function]}
                        onKeyDown={[Function]}
                        onKeyUp={[Function]}
                        onMouseEnter={[Function]}
                        onMouseLeave={[Function]}
                        onTouchStart={[Function]}
                        onTouchTap={[Function]}
                        style={
                          Object {
                            "WebkitTapHighlightColor": "rgba(0, 0, 0, 0)",
                            "backgroundColor": "rgba(0, 0, 0, 0)",
                            "border": 10,
                            "borderRadius": 2,
                            "boxSizing": "border-box",
                            "color": "rgba(0, 0, 0, 0.87)",
                            "cursor": "pointer",
                            "display": "inline-block",
                            "fontFamily": "Roboto, sans-serif",
                            "fontSize": "inherit",
                            "fontWeight": "inherit",
                            "height": "55px",
                            "lineHeight": "36px",
                            "margin": 0,
                            "minWidth": "none",
                            "muiPrepared": true,
                            "outline": "none",
                            "overflow": "hidden",
                            "padding": "10px 5px",
                            "position": "relative",
                            "textAlign": "center",
                            "textDecoration": "none",
                            "transition": "all 450ms cubic-bezier(0.23, 1, 0.32, 1) 0ms",
                            "userSelect": "none",
                            "verticalAlign": null,
                            "width": "auto",
                            "zIndex": 1,
                          }
                        }
                        tabIndex={0}
                        type="button"
                      >
                        <div
                          onMouseDown={[Function]}
                          onMouseLeave={[Function]}
                          onMouseUp={[Function]}
                          onTouchEnd={[Function]}
                          onTouchStart={[Function]}
                        >
                          <span
                            style={
                              Object {
                                "fontSize": 14,
                                "fontWeight": 500,
                                "letterSpacing": 0,
                                "muiPrepared": true,
                                "paddingLeft": 16,
                                "paddingRight": 16,
                                "position": "relative",
                                "textTransform": "uppercase",
                                "verticalAlign": "middle",
                              }
                            }
                          >
                            Sign Up
                          </span>
                        </div>
                      </button>
                    </div>
                  </li>
                  <li>
                    <a
                      disabled={false}
                      href="/browse"
                      onBlur={[Function]}
                      onClick={[Function]}
                      onFocus={[Function]}
                      onKeyDown={[Function]}
                      onKeyUp={[Function]}
                      onMouseEnter={[Function]}
                      onMouseLeave={[Function]}
                      onTouchStart={[Function]}
                      onTouchTap={[Function]}
                      style={
                        Object {
                          "WebkitTapHighlightColor": "rgba(0, 0, 0, 0)",
                          "backgroundColor": "rgba(0, 0, 0, 0)",
                          "border": 10,
                          "borderRadius": 2,
                          "boxSizing": "border-box",
                          "color": "rgba(0, 0, 0, 0.87)",
                          "cursor": "pointer",
                          "display": "inline-block",
                          "fontFamily": "Roboto, sans-serif",
                          "fontSize": "inherit",
                          "fontWeight": "inherit",
                          "height": "55px",
                          "lineHeight": "36px",
                          "margin": 0,
                          "minWidth": "none",
                          "muiPrepared": true,
                          "outline": "none",
                          "overflow": "hidden",
                          "padding": "10px 5px",
                          "position": "relative",
                          "textAlign": "center",
                          "textDecoration": "none",
                          "transition": "all 450ms cubic-bezier(0.23, 1, 0.32, 1) 0ms",
                          "userSelect": "none",
                          "verticalAlign": "middle",
                          "width": "auto",
                          "zIndex": 1,
                        }
                      }
                      tabIndex={0}
                    >
                      <div
                        onMouseDown={[Function]}
                        onMouseLeave={[Function]}
                        onMouseUp={[Function]}
                        onTouchEnd={[Function]}
                        onTouchStart={[Function]}
                      >
                        <span
                          style={
                            Object {
                              "fontSize": 14,
                              "fontWeight": 500,
                              "letterSpacing": 0,
                              "muiPrepared": true,
                              "paddingLeft": 16,
                              "paddingRight": 16,
                              "position": "relative",
                              "textTransform": "uppercase",
                              "verticalAlign": "middle",
                            }
                          }
                        >
                          BROWSE
                        </span>
                      </div>
                    </a>
                  </li>
                  <li>
                    <a
                      disabled={false}
                      href="/about"
                      onBlur={[Function]}
                      onClick={[Function]}
                      onFocus={[Function]}
                      onKeyDown={[Function]}
                      onKeyUp={[Function]}
                      onMouseEnter={[Function]}
                      onMouseLeave={[Function]}
                      onTouchStart={[Function]}
                      onTouchTap={[Function]}
                      style={
                        Object {
                          "WebkitTapHighlightColor": "rgba(0, 0, 0, 0)",
                          "backgroundColor": "rgba(0, 0, 0, 0)",
                          "border": 10,
                          "borderRadius": 2,
                          "boxSizing": "border-box",
                          "color": "rgba(0, 0, 0, 0.87)",
                          "cursor": "pointer",
                          "display": "inline-block",
                          "fontFamily": "Roboto, sans-serif",
                          "fontSize": "inherit",
                          "fontWeight": "inherit",
                          "height": "55px",
                          "lineHeight": "36px",
                          "margin": 0,
                          "minWidth": "none",
                          "muiPrepared": true,
                          "outline": "none",
                          "overflow": "hidden",
                          "padding": "10px 5px",
                          "position": "relative",
                          "textAlign": "center",
                          "textDecoration": "none",
                          "transition": "all 450ms cubic-bezier(0.23, 1, 0.32, 1) 0ms",
                          "userSelect": "none",
                          "verticalAlign": "middle",
                          "width": "auto",
                          "zIndex": 1,
                        }
                      }
                      tabIndex={0}
                    >
                      <div
                        onMouseDown={[Function]}
                        onMouseLeave={[Function]}
                        onMouseUp={[Function]}
                        onTouchEnd={[Function]}
                        onTouchStart={[Function]}
                      >
                        <span
                          style={
                            Object {
                              "fontSize": 14,
                              "fontWeight": 500,
                              "letterSpacing": 0,
                              "muiPrepared": true,
                              "paddingLeft": 16,
                              "paddingRight": 16,
                              "position": "relative",
                              "textTransform": "uppercase",
                              "verticalAlign": "middle",
                            }
                          }
                        >
                          ABOUT
                        </span>
                      </div>
                    </a>
                  </li>
                  <li>
                    <a
                      disabled={false}
                      href="//cltk.org/blog"
                      onBlur={[Function]}
                      onClick={[Function]}
                      onFocus={[Function]}
                      onKeyDown={[Function]}
                      onKeyUp={[Function]}
                      onMouseEnter={[Function]}
                      onMouseLeave={[Function]}
                      onTouchStart={[Function]}
                      onTouchTap={[Function]}
                      rel="noopener noreferrer"
                      style={
                        Object {
                          "WebkitTapHighlightColor": "rgba(0, 0, 0, 0)",
                          "backgroundColor": "rgba(0, 0, 0, 0)",
                          "border": 10,
                          "borderRadius": 2,
                          "boxSizing": "border-box",
                          "color": "rgba(0, 0, 0, 0.87)",
                          "cursor": "pointer",
                          "display": "inline-block",
                          "fontFamily": "Roboto, sans-serif",
                          "fontSize": "inherit",
                          "fontWeight": "inherit",
                          "height": "55px",
                          "lineHeight": "36px",
                          "margin": 0,
                          "minWidth": "none",
                          "muiPrepared": true,
                          "outline": "none",
                          "overflow": "hidden",
                          "padding": "10px 5px",
                          "position": "relative",
                          "textAlign": "center",
                          "textDecoration": "none",
                          "transition": "all 450ms cubic-bezier(0.23, 1, 0.32, 1) 0ms",
                          "userSelect": "none",
                          "verticalAlign": "middle",
                          "width": "auto",
                          "zIndex": 1,
                        }
                      }
                      tabIndex={0}
                      target="_blank"
                    >
                      <div
                        onMouseDown={[Function]}
                        onMouseLeave={[Function]}
                        onMouseUp={[Function]}
                        onTouchEnd={[Function]}
                        onTouchStart={[Function]}
                      >
                        <span
                          style={
                            Object {
                              "fontSize": 14,
                              "fontWeight": 500,
                              "letterSpacing": 0,
                              "muiPrepared": true,
                              "paddingLeft": 16,
                              "paddingRight": 16,
                              "position": "relative",
                              "textTransform": "uppercase",
                              "verticalAlign": "middle",
                            }
                          }
                        >
                          UPDATES
                        </span>
                      </div>
                    </a>
                  </li>
                </ul>
              </div>
              <div
                className="module social-module widget-handle left"
              >
                <ul
                  className="menu icon-menu"
                >
                  <li>
                    <a
                      disabled={false}
                      href="//github.com/cltk"
                      onBlur={[Function]}
                      onClick={[Function]}
                      onFocus={[Function]}
                      onKeyDown={[Function]}
                      onKeyUp={[Function]}
                      onMouseEnter={[Function]}
                      onMouseLeave={[Function]}
                      onTouchStart={[Function]}
                      onTouchTap={[Function]}
                      rel="noopener noreferrer"
                      style={
                        Object {
                          "WebkitTapHighlightColor": "rgba(0, 0, 0, 0)",
                          "backgroundColor": "rgba(0, 0, 0, 0)",
                          "border": 10,
                          "borderRadius": 2,
                          "boxSizing": "border-box",
                          "color": "rgba(0, 0, 0, 0.87)",
                          "cursor": "pointer",
                          "display": "inline-block",
                          "fontFamily": "Roboto, sans-serif",
                          "fontSize": "inherit",
                          "fontWeight": "inherit",
                          "height": "55px",
                          "lineHeight": "36px",
                          "margin": 0,
                          "minWidth": "none",
                          "muiPrepared": true,
                          "outline": "none",
                          "overflow": "hidden",
                          "padding": "10px 20px",
                          "position": "relative",
                          "textAlign": "center",
                          "textDecoration": "none",
                          "transition": "all 450ms cubic-bezier(0.23, 1, 0.32, 1) 0ms",
                          "userSelect": "none",
                          "verticalAlign": "middle",
                          "width": "auto",
                          "zIndex": 1,
                        }
                      }
                      tabIndex={0}
                      target="_blank"
                    >
                      <div
                        onMouseDown={[Function]}
                        onMouseLeave={[Function]}
                        onMouseUp={[Function]}
                        onTouchEnd={[Function]}
                        onTouchStart={[Function]}
                      >
                        <span
                          className="mdi mdi-github-circle"
                          color="rgba(0, 0, 0, 0.87)"
                          onMouseEnter={[Function]}
                          onMouseLeave={[Function]}
                          style={
                            Object {
                              "color": "rgba(0, 0, 0, 0.87)",
                              "display": "inline-block",
                              "fontSize": 24,
                              "marginLeft": 0,
                              "marginRight": 0,
                              "muiPrepared": true,
                              "position": "relative",
                              "transition": "all 450ms cubic-bezier(0.23, 1, 0.32, 1) 0ms",
                              "userSelect": "none",
                              "verticalAlign": "middle",
                            }
                          }
                        />
                      </div>
                    </a>
                  </li>
                </ul>
              </div>
              <div
                className="module search-module widget-handle left"
              >
                <ul
                  className="menu icon-menu"
                >
                  <li>
                    <a
                      disabled={false}
                      href="#"
                      onBlur={[Function]}
                      onClick={[Function]}
                      onFocus={[Function]}
                      onKeyDown={[Function]}
                      onKeyUp={[Function]}
                      onMouseEnter={[Function]}
                      onMouseLeave={[Function]}
                      onTouchStart={[Function]}
                      onTouchTap={[Function]}
                      style={
                        Object {
                          "WebkitTapHighlightColor": "rgba(0, 0, 0, 0)",
                          "backgroundColor": "rgba(0, 0, 0, 0)",
                          "border": 10,
                          "borderRadius": 2,
                          "boxSizing": "border-box",
                          "color": "rgba(0, 0, 0, 0.87)",
                          "cursor": "pointer",
                          "display": "inline-block",
                          "fontFamily": "Roboto, sans-serif",
                          "fontSize": "inherit",
                          "fontWeight": "inherit",
                          "height": "55px",
                          "lineHeight": "36px",
                          "margin": 0,
                          "minWidth": "none",
                          "muiPrepared": true,
                          "outline": "none",
                          "overflow": "hidden",
                          "padding": "10px 20px",
                          "position": "relative",
                          "textAlign": "center",
                          "textDecoration": "none",
                          "transition": "all 450ms cubic-bezier(0.23, 1, 0.32, 1) 0ms",
                          "userSelect": "none",
                          "verticalAlign": "middle",
                          "width": "auto",
                          "zIndex": 1,
                        }
                      }
                      tabIndex={0}
                    >
                      <div
                        onMouseDown={[Function]}
                        onMouseLeave={[Function]}
                        onMouseUp={[Function]}
                        onTouchEnd={[Function]}
                        onTouchStart={[Function]}
                      >
                        <span
                          className="mdi mdi-magnify"
                          color="rgba(0, 0, 0, 0.87)"
                          onMouseEnter={[Function]}
                          onMouseLeave={[Function]}
                          style={
                            Object {
                              "color": "rgba(0, 0, 0, 0.87)",
                              "display": "inline-block",
                              "fontSize": 24,
                              "marginLeft": 0,
                              "marginRight": 0,
                              "muiPrepared": true,
                              "position": "relative",
                              "transition": "all 450ms cubic-bezier(0.23, 1, 0.32, 1) 0ms",
                              "userSelect": "none",
                              "verticalAlign": "middle",
                            }
                          }
                        />
                      </div>
                    </a>
                  </li>
                </ul>
              </div>
            </div>
          </div>
        </div>
      </header>
      
      
    </div>
    <section
      className="cover fullscreen image-bg bg-dark "
      id="intro"
    >
      <div
        className="background-image-holder less-blur blur"
      >
        <img
          role="presentation"
          src="/images/column.jpg"
        />
      </div>
      <div
        className="background-screen light"
      />
      <div
        className="container v-align-transform header-container"
      >
        <div
          className="row"
        >
          <div
            className="header-center text-center"
          >
            <h1>
              Explore open classical literature
            </h1>
            <input
              className="header-search"
              onClick={[Function]}
              onTouchTap={[Function]}
              placeholder="Search . . ."
              readOnly={true}
              type="text"
            />
            <h6
              className="uppercase mb16"
            >
              Read and research works in Chinese, Coptic, Greek, Hebrew, Latin, Pali, Punjabi, Sanskrit,
              <br />
              Telugu, and Tibetan and contribute annotations to the community.
            </h6>
            <a
              aria-label="Learn More"
              className="waves-effect waves-light btn-large"
              href="#get-started"
              onClick={[Function]}
            >
              Learn More
            </a>
          </div>
        </div>
      </div>
    </section>
    <section
      id="features"
    >
      <div
        className="feature f1"
      >
        <div
          className="feature-image-screen"
        />
        <div
          className="feature-inner"
        >
          <h3
            className="feature-n"
          />
          <span
            className="feature-title"
          >
            Authors
          </span>
          <div
            className="feature-line"
          />
          <span
            className="feature-desc"
          >
            Classical authors with books and works included in the archive
          </span>
        </div>
      </div>
      <div
        className="feature f2"
      >
        <div
          className="feature-image-screen"
        />
        <div
          className="feature-inner"
        >
          <h3
            className="feature-n"
          />
          <span
            className="feature-title"
          >
            Works
          </span>
          <div
            className="feature-line"
          />
          <span
            className="feature-desc"
          >
            Works in multiple languages, with metadata, criticism, and commentary
          </span>
        </div>
      </div>
      <div
        className="feature f3"
      >
        <div
          className="feature-image-screen"
        />
        <div
          className="feature-inner"
        >
          <h3
            className="feature-n"
          />
          <span
            className="feature-title"
          >
            Entities
          </span>
          <div
            className="feature-line"
          />
          <span
            className="feature-desc"
          >
            Named entities annotated in text and linked to public datasets
          </span>
        </div>
      </div>
    </section>
    <section
      id="build"
    >
      <div
        className="container text-center"
      >
        <div
          className="row"
        >
          <h2
            className="section-title"
          >
            Contribute code to the CLTK Core or Archive
          </h2>
          <hr
            className="section-header-line"
          />
        </div>
        <div
          className="row"
        >
          <div
            className="col-sm-6 text-center"
          >
            <a
              className="start-building-item"
              href="https://github.com/cltk/cltk"
              rel="noopener noreferrer"
              target="_blank"
            >
              <i
                className="mdi mdi-github-circle icon-lg mb40 mb-xs-24  "
              />
              <h5
                className="uppercase"
              >
                Code the CLTK Core NLP package
              </h5>
              <span
                className="item-text"
              >
                Help push forward what's possible with study of classicallanguages by developing the CLTK core natural language processing library
              </span>
            </a>
          </div>
          <div
            className="col-sm-6 text-center"
          >
            <a
              className="start-building-item"
              href="https://github.com/cltk/cltk_frontend"
              rel="noopener noreferrer"
              target="_blank"
            >
              <i
                className="mdi mdi-book-open-page-variant icon-lg mb40 mb-xs-24 "
              />
              <h5
                className="uppercase"
              >
                Build the CLTK Archive
              </h5>
              <span
                className="item-text"
              >
                Contribute code, thoughts, or ideas to the CLTK Archive's public reading interface and annotation environment
              </span>
            </a>
          </div>
        </div>
      </div>
    </section>
    <footer
      className="bg-dark"
    >
      <div
        className="container"
      >
        <div
          className="row"
        >
          <div
            className="col-md-8 col-md-offset-2 col-sm-9 col-sm-offset-1 text-center"
          >
            <h3
              className="logo"
            >
              CLTK Archive
            </h3>
            <div
              className="footer-nav"
            >
              <a
                disabled={false}
                href="/"
                onBlur={[Function]}
                onClick={[Function]}
                onFocus={[Function]}
                onKeyDown={[Function]}
                onKeyUp={[Function]}
                onMouseEnter={[Function]}
                onMouseLeave={[Function]}
                onTouchStart={[Function]}
                onTouchTap={[Function]}
                style={
                  Object {
                    "WebkitTapHighlightColor": "rgba(0, 0, 0, 0)",
                    "backgroundColor": "rgba(0, 0, 0, 0)",
                    "border": 10,
                    "borderRadius": 2,
                    "boxSizing": "border-box",
                    "color": "rgba(0, 0, 0, 0.87)",
                    "cursor": "pointer",
                    "display": "inline-block",
                    "fontFamily": "Roboto, sans-serif",
                    "fontSize": "inherit",
                    "fontWeight": "inherit",
                    "height": 36,
                    "lineHeight": "36px",
                    "margin": 0,
                    "minWidth": 88,
                    "muiPrepared": true,
                    "outline": "none",
                    "overflow": "hidden",
                    "padding": 0,
                    "position": "relative",
                    "textAlign": "center",
                    "textDecoration": "none",
                    "transition": "all 450ms cubic-bezier(0.23, 1, 0.32, 1) 0ms",
                    "userSelect": "none",
                    "verticalAlign": "middle",
                    "zIndex": 1,
                  }
                }
                tabIndex={0}
              >
                <div
                  onMouseDown={[Function]}
                  onMouseLeave={[Function]}
                  onMouseUp={[Function]}
                  onTouchEnd={[Function]}
                  onTouchStart={[Function]}
                >
                  <span
                    style={
                      Object {
                        "fontSize": 14,
                        "fontWeight": 500,
                        "letterSpacing": 0,
                        "muiPrepared": true,
                        "paddingLeft": 16,
                        "paddingRight": 16,
                        "position": "relative",
                        "textTransform": "uppercase",
                        "verticalAlign": "middle",
                      }
                    }
                  >
                    HOME
                  </span>
                </div>
              </a>
              <a
                disabled={false}
                href="/browse"
                onBlur={[Function]}
                onClick={[Function]}
                onFocus={[Function]}
                onKeyDown={[Function]}
                onKeyUp={[Function]}
                onMouseEnter={[Function]}
                onMouseLeave={[Function]}
                onTouchStart={[Function]}
                onTouchTap={[Function]}
                style={
                  Object {
                    "WebkitTapHighlightColor": "rgba(0, 0, 0, 0)",
                    "backgroundColor": "rgba(0, 0, 0, 0)",
                    "border": 10,
                    "borderRadius": 2,
                    "boxSizing": "border-box",
                    "color": "rgba(0, 0, 0, 0.87)",
                    "cursor": "pointer",
                    "display": "inline-block",
                    "fontFamily": "Roboto, sans-serif",
                    "fontSize": "inherit",
                    "fontWeight": "inherit",
                    "height": 36,
                    "lineHeight": "36px",
                    "margin": 0,
                    "minWidth": 88,
                    "muiPrepared": true,
                    "outline": "none",
                    "overflow": "hidden",
                    "padding": 0,
                    "position": "relative",
                    "textAlign": "center",
                    "textDecoration": "none",
                    "transition": "all 450ms cubic-bezier(0.23, 1, 0.32, 1) 0ms",
                    "userSelect": "none",
                    "verticalAlign": "middle",
                    "zIndex": 1,
                  }
                }
                tabIndex={0}
              >
                <div
                  onMouseDown={[Function]}
                  onMouseLeave={[Function]}
                  onMouseUp={[Function]}
                  onTouchEnd={[Function]}
                  onTouchStart={[Function]}
                >
                  <span
                    style={
                      Object {
                        "fontSize": 14,
                        "fontWeight": 500,
                        "letterSpacing": 0,
                        "muiPrepared": true,
                        "paddingLeft": 16,
                        "paddingRight": 16,
                        "position": "relative",
                        "textTransform": "uppercase",
                        "verticalAlign": "middle",
                      }
                    }
                  >
                    READ
                  </span>
                </div>
              </a>
              <a
                disabled={false}
                href="/search"
                onBlur={[Function]}
                onClick={[Function]}
                onFocus={[Function]}
                onKeyDown={[Function]}
                onKeyUp={[Function]}
                onMouseEnter={[Function]}
                onMouseLeave={[Function]}
                onTouchStart={[Function]}
                onTouchTap={[Function]}
                style={
                  Object {
                    "WebkitTapHighlightColor": "rgba(0, 0, 0, 0)",
                    "backgroundColor": "rgba(0, 0, 0, 0)",
                    "border": 10,
                    "borderRadius": 2,
                    "boxSizing": "border-box",
                    "color": "rgba(0, 0, 0, 0.87)",
                    "cursor": "pointer",
                    "display": "inline-block",
                    "fontFamily": "Roboto, sans-serif",
                    "fontSize": "inherit",
                    "fontWeight": "inherit",
                    "height": 36,
                    "lineHeight": "36px",
                    "margin": 0,
                    "minWidth": 88,
                    "muiPrepared": true,
                    "outline": "none",
                    "overflow": "hidden",
                    "padding": 0,
                    "position": "relative",
                    "textAlign": "center",
                    "textDecoration": "none",
                    "transition": "all 450ms cubic-bezier(0.23, 1, 0.32, 1) 0ms",
                    "userSelect": "none",
                    "verticalAlign": "middle",
                    "zIndex": 1,
                  }
                }
                tabIndex={0}
              >
                <div
                  onMouseDown={[Function]}
                  onMouseLeave={[Function]}
                  onMouseUp={[Function]}
                  onTouchEnd={[Function]}
                  onTouchStart={[Function]}
                >
                  <span
                    style={
                      Object {
                        "fontSize": 14,
                        "fontWeight": 500,
                        "letterSpacing": 0,
                        "muiPrepared": true,
                        "paddingLeft": 16,
                        "paddingRight": 16,
                        "position": "relative",
                        "textTransform": "uppercase",
                        "verticalAlign": "middle",
                      }
                    }
                  >
                    SEARCH
                  </span>
                </div>
              </a>
              <a
                disabled={false}
                href="http://github.com/cltk/cltk"
                onBlur={[Function]}
                onClick={[Function]}
                onFocus={[Function]}
                onKeyDown={[Function]}
                onKeyUp={[Function]}
                onMouseEnter={[Function]}
                onMouseLeave={[Function]}
                onTouchStart={[Function]}
                onTouchTap={[Function]}
                rel="noopener noreferrer"
                style={
                  Object {
                    "WebkitTapHighlightColor": "rgba(0, 0, 0, 0)",
                    "backgroundColor": "rgba(0, 0, 0, 0)",
                    "border": 10,
                    "borderRadius": 2,
                    "boxSizing": "border-box",
                    "color": "rgba(0, 0, 0, 0.87)",
                    "cursor": "pointer",
                    "display": "inline-block",
                    "fontFamily": "Roboto, sans-serif",
                    "fontSize": "inherit",
                    "fontWeight": "inherit",
                    "height": 36,
                    "lineHeight": "36px",
                    "margin": 0,
                    "minWidth": 88,
                    "muiPrepared": true,
                    "outline": "none",
                    "overflow": "hidden",
                    "padding": 0,
                    "position": "relative",
                    "textAlign": "center",
                    "textDecoration": "none",
                    "transition": "all 450ms cubic-bezier(0.23, 1, 0.32, 1) 0ms",
                    "userSelect": "none",
                    "verticalAlign": "middle",
                    "zIndex": 1,
                  }
                }
                tabIndex={0}
                target="_blank"
              >
                <div
                  onMouseDown={[Function]}
                  onMouseLeave={[Function]}
                  onMouseUp={[Function]}
                  onTouchEnd={[Function]}
                  onTouchStart={[Function]}
                >
                  <span
                    style={
                      Object {
                        "fontSize": 14,
                        "fontWeight": 500,
                        "letterSpacing": 0,
                        "muiPrepared": true,
                        "paddingLeft": 16,
                        "paddingRight": 16,
                        "position": "relative",
                        "textTransform": "uppercase",
                        "verticalAlign": "middle",
                      }
                    }
                  >
                    CONTRIBUTE
                  </span>
                </div>
              </a>
              <a
                disabled={false}
                href="//cltk.org/"
                onBlur={[Function]}
                onClick={[Function]}
                onFocus={[Function]}
                onKeyDown={[Function]}
                onKeyUp={[Function]}
                onMouseEnter={[Function]}
                onMouseLeave={[Function]}
                onTouchStart={[Function]}
                onTouchTap={[Function]}
                rel="noopener noreferrer"
                style={
                  Object {
                    "WebkitTapHighlightColor": "rgba(0, 0, 0, 0)",
                    "backgroundColor": "rgba(0, 0, 0, 0)",
                    "border": 10,
                    "borderRadius": 2,
                    "boxSizing": "border-box",
                    "color": "rgba(0, 0, 0, 0.87)",
                    "cursor": "pointer",
                    "display": "inline-block",
                    "fontFamily": "Roboto, sans-serif",
                    "fontSize": "inherit",
                    "fontWeight": "inherit",
                    "height": 36,
                    "lineHeight": "36px",
                    "margin": 0,
                    "minWidth": 88,
                    "muiPrepared": true,
                    "outline": "none",
                    "overflow": "hidden",
                    "padding": 0,
                    "position": "relative",
                    "textAlign": "center",
                    "textDecoration": "none",
                    "transition": "all 450ms cubic-bezier(0.23, 1, 0.32, 1) 0ms",
                    "userSelect": "none",
                    "verticalAlign": "middle",
                    "zIndex": 1,
                  }
                }
                tabIndex={0}
                target="_blank"
              >
                <div
                  onMouseDown={[Function]}
                  onMouseLeave={[Function]}
                  onMouseUp={[Function]}
                  onTouchEnd={[Function]}
                  onTouchStart={[Function]}
                >
                  <span
                    style={
                      Object {
                        "fontSize": 14,
                        "fontWeight": 500,
                        "letterSpacing": 0,
                        "muiPrepared": true,
                        "paddingLeft": 16,
                        "paddingRight": 16,
                        "position": "relative",
                        "textTransform": "uppercase",
                        "verticalAlign": "middle",
                      }
                    }
                  >
                    CLTK.ORG
                  </span>
                </div>
              </a>
            </div>
          </div>
        </div>
        <div
          className="row"
        >
          <div
            className="col-sm-12 text-center"
          >
            <ul
              className="list-inline social-list mb0"
            >
              <li>
                <a
                  disabled={false}
                  href="http://github.com/cltk"
                  onBlur={[Function]}
                  onClick={[Function]}
                  onFocus={[Function]}
                  onKeyDown={[Function]}
                  onKeyUp={[Function]}
                  onMouseEnter={[Function]}
                  onMouseLeave={[Function]}
                  onMouseOut={[Function]}
                  onTouchStart={[Function]}
                  onTouchTap={[Function]}
                  style={
                    Object {
                      "WebkitTapHighlightColor": "rgba(0, 0, 0, 0)",
                      "background": "none",
                      "border": 10,
                      "boxSizing": "border-box",
                      "cursor": "pointer",
                      "display": "inline-block",
                      "fontFamily": "Roboto, sans-serif",
                      "fontSize": 0,
                      "fontWeight": "inherit",
                      "height": "auto",
                      "margin": 0,
                      "muiPrepared": true,
                      "outline": "none",
                      "overflow": "visible",
                      "padding": 12,
                      "position": "relative",
                      "textDecoration": "none",
                      "transition": "all 450ms cubic-bezier(0.23, 1, 0.32, 1) 0ms",
                      "verticalAlign": "middle",
                      "width": "auto",
                      "zIndex": 1,
                    }
                  }
                  tabIndex={0}
                >
                  <div
                    onMouseDown={[Function]}
                    onMouseLeave={[Function]}
                    onMouseUp={[Function]}
                    onTouchEnd={[Function]}
                    onTouchStart={[Function]}
                  >
                    <span
                      className="mdi mdi-github-circle"
                      color="rgba(0, 0, 0, 0.87)"
                      onMouseEnter={[Function]}
                      onMouseLeave={[Function]}
                      style={
                        Object {
                          "color": "#ffffff",
                          "display": "inline-block",
                          "fontSize": 24,
                          "muiPrepared": true,
                          "position": "relative",
                          "transition": "all 450ms cubic-bezier(0.23, 1, 0.32, 1) 0ms",
                          "userSelect": "none",
                        }
                      }
                    />
                  </div>
                </a>
              </li>
              <li>
                <a
                  disabled={false}
                  href="http://twitter.com/@cltkarchive"
                  onBlur={[Function]}
                  onClick={[Function]}
                  onFocus={[Function]}
                  onKeyDown={[Function]}
                  onKeyUp={[Function]}
                  onMouseEnter={[Function]}
                  onMouseLeave={[Function]}
                  onMouseOut={[Function]}
                  onTouchStart={[Function]}
                  onTouchTap={[Function]}
                  style={
                    Object {
                      "WebkitTapHighlightColor": "rgba(0, 0, 0, 0)",
                      "background": "none",
                      "border": 10,
                      "boxSizing": "border-box",
                      "cursor": "pointer",
                      "display": "inline-block",
                      "fontFamily": "Roboto, sans-serif",
                      "fontSize": 0,
                      "fontWeight": "inherit",
                      "height": "auto",
                      "margin": 0,
                      "muiPrepared": true,
                      "outline": "none",
                      "overflow": "visible",
                      "padding": 12,
                      "position": "relative",
                      "textDecoration": "none",
                      "transition": "all 450ms cubic-bezier(0.23, 1, 0.32, 1) 0ms",
                      "verticalAlign": "middle",
                      "width": "auto",
                      "zIndex": 1,
                    }
                  }
                  tabIndex={0}
                >
                  <div
                    onMouseDown={[Function]}
                    onMouseLeave={[Function]}
                    onMouseUp={[Function]}
                    onTouchEnd={[Function]}
                    onTouchStart={[Function]}
                  >
                    <span
                      className="mdi mdi-twitter"
                      color="rgba(0, 0, 0, 0.87)"
                      onMouseEnter={[Function]}
                      onMouseLeave={[Function]}
                      style={
                        Object {
                          "color": "#ffffff",
                          "display": "inline-block",
                          "fontSize": 24,
                          "muiPrepared": true,
                          "position": "relative",
                          "transition": "all 450ms cubic-bezier(0.23, 1, 0.32, 1) 0ms",
                          "userSelect": "none",
                        }
                      }
                    />
                  </div>
                </a>
              </li>
              <li>
                <a
                  disabled={false}
                  href="http://plus.google.com/+cltkarchive"
                  onBlur={[Function]}
                  onClick={[Function]}
                  onFocus={[Function]}
                  onKeyDown={[Function]}
                  onKeyUp={[Function]}
                  onMouseEnter={[Function]}
                  onMouseLeave={[Function]}
                  onMouseOut={[Function]}
                  onTouchStart={[Function]}
                  onTouchTap={[Function]}
                  style={
                    Object {
                      "WebkitTapHighlightColor": "rgba(0, 0, 0, 0)",
                      "background": "none",
                      "border": 10,
                      "boxSizing": "border-box",
                      "cursor": "pointer",
                      "display": "inline-block",
                      "fontFamily": "Roboto, sans-serif",
                      "fontSize": 0,
                      "fontWeight": "inherit",
                      "height": "auto",
                      "margin": 0,
                      "muiPrepared": true,
                      "outline": "none",
                      "overflow": "visible",
                      "padding": 12,
                      "position": "relative",
                      "textDecoration": "none",
                      "transition": "all 450ms cubic-bezier(0.23, 1, 0.32, 1) 0ms",
                      "verticalAlign": "middle",
                      "width": "auto",
                      "zIndex": 1,
                    }
                  }
                  tabIndex={0}
                >
                  <div
                    onMouseDown={[Function]}
                    onMouseLeave={[Function]}
                    onMouseUp={[Function]}
                    onTouchEnd={[Function]}
                    onTouchStart={[Function]}
                  >
                    <span
                      className="mdi mdi-google-plus"
                      color="rgba(0, 0, 0, 0.87)"
                      onMouseEnter={[Function]}
                      onMouseLeave={[Function]}
                      style={
                        Object {
                          "color": "#ffffff",
                          "display": "inline-block",
                          "fontSize": 24,
                          "muiPrepared": true,
                          "position": "relative",
                          "transition": "all 450ms cubic-bezier(0.23, 1, 0.32, 1) 0ms",
                          "userSelect": "none",
                        }
                      }
                    />
                  </div>
                </a>
              </li>
            </ul>
            <span
              className="copyright-information fade-1-4"
            >
              Copyright Classical Language ToolKit, 
              2017
              .  All of the media presented on this site originating from the CLTK are available through the Creative Commons Attribution 4.0 International, Free Culture License. Media originating from other sources are specific to the contributor. Review specific corpora information here: 
              <a
                href="https://github.com/cltk"
                target="_blank"
              >
                https://github.com/cltk
              </a>
              .
            </span>
          </div>
        </div>
      </div>
    </footer>
  </div>
  <div
    className="cltk-modal search-modal
  				"
  >
    <div
      className="close-search"
    >
      <button
        disabled={false}
        href={undefined}
        onBlur={[Function]}
        onClick={[Function]}
        onFocus={[Function]}
        onKeyDown={[Function]}
        onKeyUp={[Function]}
        onMouseEnter={[Function]}
        onMouseLeave={[Function]}
        onMouseOut={[Function]}
        onTouchStart={[Function]}
        onTouchTap={[Function]}
        style={
          Object {
            "WebkitTapHighlightColor": "rgba(0, 0, 0, 0)",
            "background": "none",
            "border": 10,
            "boxSizing": "border-box",
            "cursor": "pointer",
            "display": "inline-block",
            "fontFamily": "Roboto, sans-serif",
            "fontSize": 0,
            "fontWeight": "inherit",
            "height": 48,
            "margin": 0,
            "muiPrepared": true,
            "outline": "none",
            "overflow": "visible",
            "padding": 12,
            "position": "relative",
            "textDecoration": "none",
            "transition": "all 450ms cubic-bezier(0.23, 1, 0.32, 1) 0ms",
            "verticalAlign": null,
            "width": 48,
            "zIndex": 1,
          }
        }
        tabIndex={0}
        type="button"
      >
        <div
          onMouseDown={[Function]}
          onMouseLeave={[Function]}
          onMouseUp={[Function]}
          onTouchEnd={[Function]}
          onTouchStart={[Function]}
        >
          <span
            className="close-search-icon mdi mdi-close"
            color="rgba(0, 0, 0, 0.87)"
            onMouseEnter={[Function]}
            onMouseLeave={[Function]}
            style={
              Object {
                "color": "rgba(0, 0, 0, 0.87)",
                "display": "inline-block",
                "fontSize": 24,
                "muiPrepared": true,
                "position": "relative",
                "transition": "all 450ms cubic-bezier(0.23, 1, 0.32, 1) 0ms",
                "userSelect": "none",
              }
            }
          />
        </div>
      </button>
    </div>
    
  </div>
</div>
`;
