// Jest Snapshot v1, https://goo.gl/fbAQLP

exports[`ReadingEntity renders correctly 1`] = `
<div
  className="entity-teaser"
>
  <a
    className="entity-thumbnail-image image-wrap paper-shadow"
    href="/entities/slug"
  >
    <img
      alt="thumbnail"
      src="/images/entities/herodotus_thumbnail.jpg"
    />
  </a>
  <div
    className="entity-description"
  >
    <a
      className="entity-name"
      href="/entities/slug"
    >
      <h4>
        Herodotus
      </h4>
    </a>
    <span
      className="entity-bio"
    >
      Herodotus was a Greek historian who was born in Halicarnassus Caria and lived in the 5th century BC, a contemporary of Socrates ...
    </span>
    <div
      className="entity-meta"
    >
      <a
        className="entity-meta-link entity-additional-refernces entity-action "
        href="/entities/slug#references"
      >
        <span>
          76 other references
        </span>
      </a>
      <a
        className="entity-meta-link entity-media entity-action"
        href="/entities/slug#associated-media"
      >
        <span>
          8 associated media
        </span>
      </a>
    </div>
  </div>
</div>
`;
