// Jest Snapshot v1, https://goo.gl/fbAQLP

exports[`AnnotationTextNode renders correctly 1`] = `
<a
  className="text-node bookmark-text-node annotation-text-node clearfix"
  data-id="testId"
  href=""
>
  <div
    className="text-left-header"
  >
    <h2
      className="section-numbering"
    >
      
       
    </h2>
  </div>
  <p
    className="text-html"
  >
    <span>
      [ . . . ]
    </span>
  </p>
</a>
`;
