// Jest Snapshot v1, https://goo.gl/fbAQLP

exports[`DefinitionsPanel renders correctly 1`] = `
<div
  className="modal-panel definitions-panel paper-shadow"
>
  <div
    className="modal-panel-inner definitions-panel-inner"
  >
    <div
      className="definitions panel-items"
    />
    <span
      className="no-results no-results-definitions"
    >
      No definitions available.
    </span>
  </div>
</div>
`;
