// Jest Snapshot v1, https://goo.gl/fbAQLP

exports[`AnnotationsList renders correctly 1`] = `
<div
  className="discussion-wrap"
>
  <div
    className="discussion-thread"
  >
    <div
      className="add-comment-wrap paper-shadow "
    >
      <form
        className="new-comment-form"
        name="new-comment-form"
      >
        <div
          className="add-comment-row-1"
        >
          <div
            className="profile-picture paper-shadow"
          >
            <img
              alt="User"
              src="/images/default_user.jpg"
            />
          </div>
          <textarea
            className="new-comment-text"
            name="newCommentText"
            placeholder="Please login to enter a comment."
          />
        </div>
        <div
          className="add-comment-row-2 add-comment-row"
        >
          <div
            className="error-message"
          >
            <span
              className="error-message-text"
            >
              Please enter your text to submit.
            </span>
          </div>
          <div
            className="new-comment-login"
          >
            <a
              className="join-link"
              disabled={false}
              href="/sign-up"
              onBlur={[Function]}
              onClick={[Function]}
              onFocus={[Function]}
              onKeyDown={[Function]}
              onKeyUp={[Function]}
              onMouseEnter={[Function]}
              onMouseLeave={[Function]}
              onTouchStart={[Function]}
              onTouchTap={[Function]}
              style={
                Object {
                  "WebkitTapHighlightColor": "rgba(0, 0, 0, 0)",
                  "backgroundColor": "rgba(0, 0, 0, 0)",
                  "border": 10,
                  "borderRadius": 2,
                  "boxSizing": "border-box",
                  "color": "rgba(0, 0, 0, 0.87)",
                  "cursor": "pointer",
                  "display": "inline-block",
                  "fontFamily": "Roboto, sans-serif",
                  "fontSize": "inherit",
                  "fontWeight": "inherit",
                  "height": 36,
                  "lineHeight": "36px",
                  "margin": 0,
                  "minWidth": 88,
                  "muiPrepared": true,
                  "outline": "none",
                  "overflow": "hidden",
                  "padding": 0,
                  "position": "relative",
                  "textAlign": "center",
                  "textDecoration": "none",
                  "transition": "all 450ms cubic-bezier(0.23, 1, 0.32, 1) 0ms",
                  "userSelect": "none",
                  "verticalAlign": "middle",
                  "zIndex": 1,
                }
              }
              tabIndex={0}
            >
              <div
                onMouseDown={[Function]}
                onMouseLeave={[Function]}
                onMouseUp={[Function]}
                onTouchEnd={[Function]}
                onTouchStart={[Function]}
              >
                <span
                  style={
                    Object {
                      "fontSize": 14,
                      "fontWeight": 500,
                      "letterSpacing": 0,
                      "muiPrepared": true,
                      "paddingLeft": 16,
                      "paddingRight": 16,
                      "position": "relative",
                      "textTransform": "uppercase",
                      "verticalAlign": "middle",
                    }
                  }
                >
                  Join
                </span>
              </div>
            </a>
            <a
              className="login-link"
              disabled={false}
              href="/sign-in"
              onBlur={[Function]}
              onClick={[Function]}
              onFocus={[Function]}
              onKeyDown={[Function]}
              onKeyUp={[Function]}
              onMouseEnter={[Function]}
              onMouseLeave={[Function]}
              onTouchStart={[Function]}
              onTouchTap={[Function]}
              style={
                Object {
                  "WebkitTapHighlightColor": "rgba(0, 0, 0, 0)",
                  "backgroundColor": "rgba(0, 0, 0, 0)",
                  "border": 10,
                  "borderRadius": 2,
                  "boxSizing": "border-box",
                  "color": "rgba(0, 0, 0, 0.87)",
                  "cursor": "pointer",
                  "display": "inline-block",
                  "fontFamily": "Roboto, sans-serif",
                  "fontSize": "inherit",
                  "fontWeight": "inherit",
                  "height": 36,
                  "lineHeight": "36px",
                  "margin": 0,
                  "minWidth": 88,
                  "muiPrepared": true,
                  "outline": "none",
                  "overflow": "hidden",
                  "padding": 0,
                  "position": "relative",
                  "textAlign": "center",
                  "textDecoration": "none",
                  "transition": "all 450ms cubic-bezier(0.23, 1, 0.32, 1) 0ms",
                  "userSelect": "none",
                  "verticalAlign": "middle",
                  "zIndex": 1,
                }
              }
              tabIndex={0}
            >
              <div
                onMouseDown={[Function]}
                onMouseLeave={[Function]}
                onMouseUp={[Function]}
                onTouchEnd={[Function]}
                onTouchStart={[Function]}
              >
                <span
                  style={
                    Object {
                      "fontSize": 14,
                      "fontWeight": 500,
                      "letterSpacing": 0,
                      "muiPrepared": true,
                      "paddingLeft": 16,
                      "paddingRight": 16,
                      "position": "relative",
                      "textTransform": "uppercase",
                      "verticalAlign": "middle",
                    }
                  }
                >
                  Login
                </span>
              </div>
            </a>
          </div>
        </div>
      </form>
    </div>
    <div
      className="sort-by-wrap"
    />
    
    <div
      className="sort-method-select"
    >
      <button
        disabled={false}
        href={undefined}
        onBlur={[Function]}
        onClick={[Function]}
        onFocus={[Function]}
        onKeyDown={[Function]}
        onKeyUp={[Function]}
        onMouseEnter={[Function]}
        onMouseLeave={[Function]}
        onTouchStart={[Function]}
        onTouchTap={[Function]}
        style={
          Object {
            "WebkitTapHighlightColor": "rgba(0, 0, 0, 0)",
            "backgroundColor": "#795548",
            "border": 10,
            "borderRadius": 2,
            "boxSizing": "border-box",
            "color": "rgba(0, 0, 0, 0.87)",
            "cursor": "pointer",
            "display": "inline-block",
            "fontFamily": "Roboto, sans-serif",
            "fontSize": "inherit",
            "fontWeight": "inherit",
            "height": 36,
            "lineHeight": "36px",
            "margin": 0,
            "minWidth": 88,
            "muiPrepared": true,
            "outline": "none",
            "overflow": "hidden",
            "padding": 0,
            "position": "relative",
            "textAlign": "center",
            "textDecoration": "none",
            "transition": "all 450ms cubic-bezier(0.23, 1, 0.32, 1) 0ms",
            "userSelect": "none",
            "verticalAlign": null,
            "zIndex": 1,
          }
        }
        tabIndex={0}
        type="button"
      >
        <div
          onMouseDown={[Function]}
          onMouseLeave={[Function]}
          onMouseUp={[Function]}
          onTouchEnd={[Function]}
          onTouchStart={[Function]}
        >
          <span
            style={
              Object {
                "color": "#FFFFFF",
                "fontSize": 14,
                "fontWeight": 500,
                "letterSpacing": 0,
                "muiPrepared": true,
                "paddingLeft": 16,
                "paddingRight": 16,
                "position": "relative",
                "textTransform": "uppercase",
                "verticalAlign": "middle",
              }
            }
          >
            Top votes
          </span>
        </div>
      </button>
      <button
        disabled={false}
        href={undefined}
        onBlur={[Function]}
        onClick={[Function]}
        onFocus={[Function]}
        onKeyDown={[Function]}
        onKeyUp={[Function]}
        onMouseEnter={[Function]}
        onMouseLeave={[Function]}
        onTouchStart={[Function]}
        onTouchTap={[Function]}
        style={
          Object {
            "WebkitTapHighlightColor": "rgba(0, 0, 0, 0)",
            "backgroundColor": "rgba(0, 0, 0, 0)",
            "border": 10,
            "borderRadius": 2,
            "boxSizing": "border-box",
            "color": "rgba(0, 0, 0, 0.87)",
            "cursor": "pointer",
            "display": "inline-block",
            "fontFamily": "Roboto, sans-serif",
            "fontSize": "inherit",
            "fontWeight": "inherit",
            "height": 36,
            "lineHeight": "36px",
            "margin": 0,
            "minWidth": 88,
            "muiPrepared": true,
            "outline": "none",
            "overflow": "hidden",
            "padding": 0,
            "position": "relative",
            "textAlign": "center",
            "textDecoration": "none",
            "transition": "all 450ms cubic-bezier(0.23, 1, 0.32, 1) 0ms",
            "userSelect": "none",
            "verticalAlign": null,
            "zIndex": 1,
          }
        }
        tabIndex={0}
        type="button"
      >
        <div
          onMouseDown={[Function]}
          onMouseLeave={[Function]}
          onMouseUp={[Function]}
          onTouchEnd={[Function]}
          onTouchStart={[Function]}
        >
          <span
            style={
              Object {
                "fontSize": 14,
                "fontWeight": 500,
                "letterSpacing": 0,
                "muiPrepared": true,
                "paddingLeft": 16,
                "paddingRight": 16,
                "position": "relative",
                "textTransform": "uppercase",
                "verticalAlign": "middle",
              }
            }
          >
            Recent
          </span>
        </div>
      </button>
    </div>
  </div>
</div>
`;
