// Jest Snapshot v1, https://goo.gl/fbAQLP

exports[`Browse renders correctly 1`] = `
<div
  className="page page-browse"
>
  <section
    className="page-head fullscreen image-bg bg-dark"
  >
    <div
      className="background-image-holder more-blur blur"
    >
      <img
        alt="background"
        className="background-image"
        src="/images/books4.jpg"
      />
    </div>
    <div
      className="background-screen light"
    />
    <div
      className="container v-align-transform"
    >
      <div
        className="row"
      >
        <div
          className="col-sm-10 col-sm-offset-1 text-center"
        >
          <h1
            className="mb40 mb-xs-16 large"
          >
            Browse
          </h1>
        </div>
      </div>
    </div>
  </section>
  <section
    className="page-content"
  >
    <div
      className="works-list"
    >
      <div
        className="reading-loading"
      >
        <div
          className="well-spinner-double"
        >
          <div
            className="double-bounce1"
          />
          <div
            className="double-bounce2"
          />
        </div>
      </div>
    </div>
  </section>
</div>
`;
