// Jest Snapshot v1, https://goo.gl/fbAQLP

exports[`SearchTools renders correctly 1`] = `
<div
  className="search-tools"
>
  <div
    className="text-search-row"
  >
    <i
      className="search-icon mdi mdi-magnify"
    />
  </div>
  <div
    className="dropdown-search-row"
  >
    <div
      className="cltk-dropdown search-dropdown search-dropdown-date"
    >
      <ul
        className="dropdown-menu "
      >
        <div
          className="dropdown-menu-inner"
        >
          <div
            className="search-tool--date toolbar"
          >
            <div
              id="date-range"
            />
          </div>
        </div>
      </ul>
    </div>
    <div
      className="cltk-dropdown search-dropdown search-dropdown-languages"
    >
      <ul
        className="dropdown-menu "
      >
        <div
          className="dropdown-menu-inner"
        >
          <span
            className="no-results"
          >
            No languages found in archive.
          </span>
        </div>
      </ul>
    </div>
    <div
      className="cltk-dropdown search-dropdown search-dropdown-corpora"
    >
      <ul
        className="dropdown-menu "
      >
        <div
          className="dropdown-menu-inner"
        >
          <span
            className="no-results"
          >
            No corpora found in archive.
          </span>
        </div>
      </ul>
    </div>
    <div
      className="cltk-dropdown search-dropdown search-dropdown-authors"
    >
      <ul
        className="dropdown-menu "
      >
        <div
          className="dropdown-menu-inner"
        >
          <span
            className="no-results"
          >
            No authors found in archive.
          </span>
        </div>
      </ul>
    </div>
  </div>
</div>
`;
