// Jest Snapshot v1, https://goo.gl/fbAQLP

exports[`ReadingLayout renders correctly 1`] = `
<div
  className="cltk-layout reading-layout"
>
  <div>
    <div
      className="loading-reading-layout"
    >
      <div
        className="loading-spinner loading-spinner-double-well"
      >
        <div
          className="double-bounce1"
        />
        <div
          className="double-bounce2"
        />
      </div>
    </div>
  </div>
  
  
</div>
`;
