// Jest Snapshot v1, https://goo.gl/fbAQLP

exports[`ModalSignup renders correctly 1`] = `
<div
  className="cltk-modal-signup cltk-modal cltk-login-signup
					"
>
  <div
    className="close-modal paper-shadow"
    onClick={undefined}
  >
    <i
      className="mdi mdi-close"
    />
  </div>
  <div
    className="modal-inner"
  >
    
  </div>
</div>
`;
