// Jest Snapshot v1, https://goo.gl/fbAQLP

exports[`DefinitionWord renders correctly 1`] = `
<div
  className="meta-item panel-item definition "
>
  <div
    className="show-more-toggle"
    onClick={[Function]}
  >
    <i
      className="mdi mdi-plus paper-shadow"
    />
    <i
      className="mdi mdi-minus paper-shadow"
    />
  </div>
  <div
    className="definition-title meta-item-title"
  >
    <h4
      className="word"
    />
    <a
      className="definition-link"
      href="http://www.perseus.tufts.edu/hopper/morph?l=undefined&la=la"
      rel="noopener noreferrer"
      target="_blank"
    >
      Perseus
    </a>
  </div>
  <div
    className="word-meanings"
  />
  <div
    className="bottom-gradient"
  />
</div>
`;
