// Jest Snapshot v1, https://goo.gl/fbAQLP

exports[`CommentaryPanel renders correctly 1`] = `
<div
  className="modal-panel commentary-panel paper-shadow"
>
  <div
    className="inner-groups"
  >
    <div
      className="modal-panel-inner commentary-panel-inner"
    >
      <div
        className="comments panel-items"
      >
        <span
          className="no-results no-results-commentary"
        >
          No commentary available.
        </span>
      </div>
      <div
        className="bottom-gradient"
      />
    </div>
    <div
      className="modal-panel-inner translations-panel-inner"
    >
      <div
        className="translations panel-items"
      >
        <span
          className="no-results no-results-translation"
        >
          No translations available.
        </span>
      </div>
      <div
        className="translations-options"
      />
    </div>
  </div>
</div>
`;
