// Jest Snapshot v1, https://goo.gl/fbAQLP

exports[`Footer renders correctly 1`] = `
<footer
  className="bg-dark"
>
  <div
    className="container"
  >
    <div
      className="row"
    >
      <div
        className="col-md-8 col-md-offset-2 col-sm-9 col-sm-offset-1 text-center"
      >
        <h3
          className="logo"
        >
          CLTK Archive
        </h3>
        <div
          className="footer-nav"
        >
          <a
            disabled={false}
            href="/"
            onBlur={[Function]}
            onClick={[Function]}
            onFocus={[Function]}
            onKeyDown={[Function]}
            onKeyUp={[Function]}
            onMouseEnter={[Function]}
            onMouseLeave={[Function]}
            onTouchStart={[Function]}
            onTouchTap={[Function]}
            style={
              Object {
                "WebkitTapHighlightColor": "rgba(0, 0, 0, 0)",
                "backgroundColor": "rgba(0, 0, 0, 0)",
                "border": 10,
                "borderRadius": 2,
                "boxSizing": "border-box",
                "color": "rgba(0, 0, 0, 0.87)",
                "cursor": "pointer",
                "display": "inline-block",
                "fontFamily": "Roboto, sans-serif",
                "fontSize": "inherit",
                "fontWeight": "inherit",
                "height": 36,
                "lineHeight": "36px",
                "margin": 0,
                "minWidth": 88,
                "muiPrepared": true,
                "outline": "none",
                "overflow": "hidden",
                "padding": 0,
                "position": "relative",
                "textAlign": "center",
                "textDecoration": "none",
                "transition": "all 450ms cubic-bezier(0.23, 1, 0.32, 1) 0ms",
                "userSelect": "none",
                "verticalAlign": "middle",
                "zIndex": 1,
              }
            }
            tabIndex={0}
          >
            <div
              onMouseDown={[Function]}
              onMouseLeave={[Function]}
              onMouseUp={[Function]}
              onTouchEnd={[Function]}
              onTouchStart={[Function]}
            >
              <span
                style={
                  Object {
                    "fontSize": 14,
                    "fontWeight": 500,
                    "letterSpacing": 0,
                    "muiPrepared": true,
                    "paddingLeft": 16,
                    "paddingRight": 16,
                    "position": "relative",
                    "textTransform": "uppercase",
                    "verticalAlign": "middle",
                  }
                }
              >
                HOME
              </span>
            </div>
          </a>
          <a
            disabled={false}
            href="/browse"
            onBlur={[Function]}
            onClick={[Function]}
            onFocus={[Function]}
            onKeyDown={[Function]}
            onKeyUp={[Function]}
            onMouseEnter={[Function]}
            onMouseLeave={[Function]}
            onTouchStart={[Function]}
            onTouchTap={[Function]}
            style={
              Object {
                "WebkitTapHighlightColor": "rgba(0, 0, 0, 0)",
                "backgroundColor": "rgba(0, 0, 0, 0)",
                "border": 10,
                "borderRadius": 2,
                "boxSizing": "border-box",
                "color": "rgba(0, 0, 0, 0.87)",
                "cursor": "pointer",
                "display": "inline-block",
                "fontFamily": "Roboto, sans-serif",
                "fontSize": "inherit",
                "fontWeight": "inherit",
                "height": 36,
                "lineHeight": "36px",
                "margin": 0,
                "minWidth": 88,
                "muiPrepared": true,
                "outline": "none",
                "overflow": "hidden",
                "padding": 0,
                "position": "relative",
                "textAlign": "center",
                "textDecoration": "none",
                "transition": "all 450ms cubic-bezier(0.23, 1, 0.32, 1) 0ms",
                "userSelect": "none",
                "verticalAlign": "middle",
                "zIndex": 1,
              }
            }
            tabIndex={0}
          >
            <div
              onMouseDown={[Function]}
              onMouseLeave={[Function]}
              onMouseUp={[Function]}
              onTouchEnd={[Function]}
              onTouchStart={[Function]}
            >
              <span
                style={
                  Object {
                    "fontSize": 14,
                    "fontWeight": 500,
                    "letterSpacing": 0,
                    "muiPrepared": true,
                    "paddingLeft": 16,
                    "paddingRight": 16,
                    "position": "relative",
                    "textTransform": "uppercase",
                    "verticalAlign": "middle",
                  }
                }
              >
                READ
              </span>
            </div>
          </a>
          <a
            disabled={false}
            href="/search"
            onBlur={[Function]}
            onClick={[Function]}
            onFocus={[Function]}
            onKeyDown={[Function]}
            onKeyUp={[Function]}
            onMouseEnter={[Function]}
            onMouseLeave={[Function]}
            onTouchStart={[Function]}
            onTouchTap={[Function]}
            style={
              Object {
                "WebkitTapHighlightColor": "rgba(0, 0, 0, 0)",
                "backgroundColor": "rgba(0, 0, 0, 0)",
                "border": 10,
                "borderRadius": 2,
                "boxSizing": "border-box",
                "color": "rgba(0, 0, 0, 0.87)",
                "cursor": "pointer",
                "display": "inline-block",
                "fontFamily": "Roboto, sans-serif",
                "fontSize": "inherit",
                "fontWeight": "inherit",
                "height": 36,
                "lineHeight": "36px",
                "margin": 0,
                "minWidth": 88,
                "muiPrepared": true,
                "outline": "none",
                "overflow": "hidden",
                "padding": 0,
                "position": "relative",
                "textAlign": "center",
                "textDecoration": "none",
                "transition": "all 450ms cubic-bezier(0.23, 1, 0.32, 1) 0ms",
                "userSelect": "none",
                "verticalAlign": "middle",
                "zIndex": 1,
              }
            }
            tabIndex={0}
          >
            <div
              onMouseDown={[Function]}
              onMouseLeave={[Function]}
              onMouseUp={[Function]}
              onTouchEnd={[Function]}
              onTouchStart={[Function]}
            >
              <span
                style={
                  Object {
                    "fontSize": 14,
                    "fontWeight": 500,
                    "letterSpacing": 0,
                    "muiPrepared": true,
                    "paddingLeft": 16,
                    "paddingRight": 16,
                    "position": "relative",
                    "textTransform": "uppercase",
                    "verticalAlign": "middle",
                  }
                }
              >
                SEARCH
              </span>
            </div>
          </a>
          <a
            disabled={false}
            href="http://github.com/cltk/cltk"
            onBlur={[Function]}
            onClick={[Function]}
            onFocus={[Function]}
            onKeyDown={[Function]}
            onKeyUp={[Function]}
            onMouseEnter={[Function]}
            onMouseLeave={[Function]}
            onTouchStart={[Function]}
            onTouchTap={[Function]}
            rel="noopener noreferrer"
            style={
              Object {
                "WebkitTapHighlightColor": "rgba(0, 0, 0, 0)",
                "backgroundColor": "rgba(0, 0, 0, 0)",
                "border": 10,
                "borderRadius": 2,
                "boxSizing": "border-box",
                "color": "rgba(0, 0, 0, 0.87)",
                "cursor": "pointer",
                "display": "inline-block",
                "fontFamily": "Roboto, sans-serif",
                "fontSize": "inherit",
                "fontWeight": "inherit",
                "height": 36,
                "lineHeight": "36px",
                "margin": 0,
                "minWidth": 88,
                "muiPrepared": true,
                "outline": "none",
                "overflow": "hidden",
                "padding": 0,
                "position": "relative",
                "textAlign": "center",
                "textDecoration": "none",
                "transition": "all 450ms cubic-bezier(0.23, 1, 0.32, 1) 0ms",
                "userSelect": "none",
                "verticalAlign": "middle",
                "zIndex": 1,
              }
            }
            tabIndex={0}
            target="_blank"
          >
            <div
              onMouseDown={[Function]}
              onMouseLeave={[Function]}
              onMouseUp={[Function]}
              onTouchEnd={[Function]}
              onTouchStart={[Function]}
            >
              <span
                style={
                  Object {
                    "fontSize": 14,
                    "fontWeight": 500,
                    "letterSpacing": 0,
                    "muiPrepared": true,
                    "paddingLeft": 16,
                    "paddingRight": 16,
                    "position": "relative",
                    "textTransform": "uppercase",
                    "verticalAlign": "middle",
                  }
                }
              >
                CONTRIBUTE
              </span>
            </div>
          </a>
          <a
            disabled={false}
            href="//cltk.org/"
            onBlur={[Function]}
            onClick={[Function]}
            onFocus={[Function]}
            onKeyDown={[Function]}
            onKeyUp={[Function]}
            onMouseEnter={[Function]}
            onMouseLeave={[Function]}
            onTouchStart={[Function]}
            onTouchTap={[Function]}
            rel="noopener noreferrer"
            style={
              Object {
                "WebkitTapHighlightColor": "rgba(0, 0, 0, 0)",
                "backgroundColor": "rgba(0, 0, 0, 0)",
                "border": 10,
                "borderRadius": 2,
                "boxSizing": "border-box",
                "color": "rgba(0, 0, 0, 0.87)",
                "cursor": "pointer",
                "display": "inline-block",
                "fontFamily": "Roboto, sans-serif",
                "fontSize": "inherit",
                "fontWeight": "inherit",
                "height": 36,
                "lineHeight": "36px",
                "margin": 0,
                "minWidth": 88,
                "muiPrepared": true,
                "outline": "none",
                "overflow": "hidden",
                "padding": 0,
                "position": "relative",
                "textAlign": "center",
                "textDecoration": "none",
                "transition": "all 450ms cubic-bezier(0.23, 1, 0.32, 1) 0ms",
                "userSelect": "none",
                "verticalAlign": "middle",
                "zIndex": 1,
              }
            }
            tabIndex={0}
            target="_blank"
          >
            <div
              onMouseDown={[Function]}
              onMouseLeave={[Function]}
              onMouseUp={[Function]}
              onTouchEnd={[Function]}
              onTouchStart={[Function]}
            >
              <span
                style={
                  Object {
                    "fontSize": 14,
                    "fontWeight": 500,
                    "letterSpacing": 0,
                    "muiPrepared": true,
                    "paddingLeft": 16,
                    "paddingRight": 16,
                    "position": "relative",
                    "textTransform": "uppercase",
                    "verticalAlign": "middle",
                  }
                }
              >
                CLTK.ORG
              </span>
            </div>
          </a>
        </div>
      </div>
    </div>
    <div
      className="row"
    >
      <div
        className="col-sm-12 text-center"
      >
        <ul
          className="list-inline social-list mb0"
        >
          <li>
            <a
              disabled={false}
              href="http://github.com/cltk"
              onBlur={[Function]}
              onClick={[Function]}
              onFocus={[Function]}
              onKeyDown={[Function]}
              onKeyUp={[Function]}
              onMouseEnter={[Function]}
              onMouseLeave={[Function]}
              onMouseOut={[Function]}
              onTouchStart={[Function]}
              onTouchTap={[Function]}
              style={
                Object {
                  "WebkitTapHighlightColor": "rgba(0, 0, 0, 0)",
                  "background": "none",
                  "border": 10,
                  "boxSizing": "border-box",
                  "cursor": "pointer",
                  "display": "inline-block",
                  "fontFamily": "Roboto, sans-serif",
                  "fontSize": 0,
                  "fontWeight": "inherit",
                  "height": "auto",
                  "margin": 0,
                  "muiPrepared": true,
                  "outline": "none",
                  "overflow": "visible",
                  "padding": 12,
                  "position": "relative",
                  "textDecoration": "none",
                  "transition": "all 450ms cubic-bezier(0.23, 1, 0.32, 1) 0ms",
                  "verticalAlign": "middle",
                  "width": "auto",
                  "zIndex": 1,
                }
              }
              tabIndex={0}
            >
              <div
                onMouseDown={[Function]}
                onMouseLeave={[Function]}
                onMouseUp={[Function]}
                onTouchEnd={[Function]}
                onTouchStart={[Function]}
              >
                <span
                  className="mdi mdi-github-circle"
                  color="rgba(0, 0, 0, 0.87)"
                  onMouseEnter={[Function]}
                  onMouseLeave={[Function]}
                  style={
                    Object {
                      "color": "#ffffff",
                      "display": "inline-block",
                      "fontSize": 24,
                      "muiPrepared": true,
                      "position": "relative",
                      "transition": "all 450ms cubic-bezier(0.23, 1, 0.32, 1) 0ms",
                      "userSelect": "none",
                    }
                  }
                />
              </div>
            </a>
          </li>
          <li>
            <a
              disabled={false}
              href="http://twitter.com/@cltkarchive"
              onBlur={[Function]}
              onClick={[Function]}
              onFocus={[Function]}
              onKeyDown={[Function]}
              onKeyUp={[Function]}
              onMouseEnter={[Function]}
              onMouseLeave={[Function]}
              onMouseOut={[Function]}
              onTouchStart={[Function]}
              onTouchTap={[Function]}
              style={
                Object {
                  "WebkitTapHighlightColor": "rgba(0, 0, 0, 0)",
                  "background": "none",
                  "border": 10,
                  "boxSizing": "border-box",
                  "cursor": "pointer",
                  "display": "inline-block",
                  "fontFamily": "Roboto, sans-serif",
                  "fontSize": 0,
                  "fontWeight": "inherit",
                  "height": "auto",
                  "margin": 0,
                  "muiPrepared": true,
                  "outline": "none",
                  "overflow": "visible",
                  "padding": 12,
                  "position": "relative",
                  "textDecoration": "none",
                  "transition": "all 450ms cubic-bezier(0.23, 1, 0.32, 1) 0ms",
                  "verticalAlign": "middle",
                  "width": "auto",
                  "zIndex": 1,
                }
              }
              tabIndex={0}
            >
              <div
                onMouseDown={[Function]}
                onMouseLeave={[Function]}
                onMouseUp={[Function]}
                onTouchEnd={[Function]}
                onTouchStart={[Function]}
              >
                <span
                  className="mdi mdi-twitter"
                  color="rgba(0, 0, 0, 0.87)"
                  onMouseEnter={[Function]}
                  onMouseLeave={[Function]}
                  style={
                    Object {
                      "color": "#ffffff",
                      "display": "inline-block",
                      "fontSize": 24,
                      "muiPrepared": true,
                      "position": "relative",
                      "transition": "all 450ms cubic-bezier(0.23, 1, 0.32, 1) 0ms",
                      "userSelect": "none",
                    }
                  }
                />
              </div>
            </a>
          </li>
          <li>
            <a
              disabled={false}
              href="http://plus.google.com/+cltkarchive"
              onBlur={[Function]}
              onClick={[Function]}
              onFocus={[Function]}
              onKeyDown={[Function]}
              onKeyUp={[Function]}
              onMouseEnter={[Function]}
              onMouseLeave={[Function]}
              onMouseOut={[Function]}
              onTouchStart={[Function]}
              onTouchTap={[Function]}
              style={
                Object {
                  "WebkitTapHighlightColor": "rgba(0, 0, 0, 0)",
                  "background": "none",
                  "border": 10,
                  "boxSizing": "border-box",
                  "cursor": "pointer",
                  "display": "inline-block",
                  "fontFamily": "Roboto, sans-serif",
                  "fontSize": 0,
                  "fontWeight": "inherit",
                  "height": "auto",
                  "margin": 0,
                  "muiPrepared": true,
                  "outline": "none",
                  "overflow": "visible",
                  "padding": 12,
                  "position": "relative",
                  "textDecoration": "none",
                  "transition": "all 450ms cubic-bezier(0.23, 1, 0.32, 1) 0ms",
                  "verticalAlign": "middle",
                  "width": "auto",
                  "zIndex": 1,
                }
              }
              tabIndex={0}
            >
              <div
                onMouseDown={[Function]}
                onMouseLeave={[Function]}
                onMouseUp={[Function]}
                onTouchEnd={[Function]}
                onTouchStart={[Function]}
              >
                <span
                  className="mdi mdi-google-plus"
                  color="rgba(0, 0, 0, 0.87)"
                  onMouseEnter={[Function]}
                  onMouseLeave={[Function]}
                  style={
                    Object {
                      "color": "#ffffff",
                      "display": "inline-block",
                      "fontSize": 24,
                      "muiPrepared": true,
                      "position": "relative",
                      "transition": "all 450ms cubic-bezier(0.23, 1, 0.32, 1) 0ms",
                      "userSelect": "none",
                    }
                  }
                />
              </div>
            </a>
          </li>
        </ul>
        <span
          className="copyright-information fade-1-4"
        >
          Copyright Classical Language ToolKit, 
          2017
          .  All of the media presented on this site originating from the CLTK are available through the Creative Commons Attribution 4.0 International, Free Culture License. Media originating from other sources are specific to the contributor. Review specific corpora information here: 
          <a
            href="https://github.com/cltk"
            target="_blank"
          >
            https://github.com/cltk
          </a>
          .
        </span>
      </div>
    </div>
  </div>
</footer>
`;
