// Jest Snapshot v1, https://goo.gl/fbAQLP

exports[`WorksList renders correctly 1`] = `
<div
  className="works-list"
>
  <div
    className="reading-loading"
  >
    <div
      className="well-spinner-double"
    >
      <div
        className="double-bounce1"
      />
      <div
        className="double-bounce2"
      />
    </div>
  </div>
</div>
`;
