// Jest Snapshot v1, https://goo.gl/fbAQLP

exports[`SearchResultsList renders correctly 1`] = `
<div
  className="works-list search-results-list"
>
  <div
    className="works-container works-container--no-results"
  >
    <p
      className="no-results"
    >
      No results found for your query.
    </p>
  </div>
  
</div>
`;
