// Jest Snapshot v1, https://goo.gl/fbAQLP

exports[`ReadingRelatedPassage renders correctly 1`] = `
<div
  className="related-passage"
>
  <span
    className="related-passage-edition"
  >
    edition
  </span>
  <a
    className="related-passage-ref paper-link"
    href="#passage"
  >
    <h4>
      authorName
      , 
      englishTitle
       
      location
    </h4>
  </a>
  <div
    className="related-passage-lemma"
  />
</div>
`;
